[www.jasidi.com/index.html]
[backblue.gif]
[fade.gif]
[index.html]
[www.jasidi.com/assets/about-us-4b196e80.png]
[cdn.jsdelivr.net/gh/jgthms/minireset.css@master/minireset.min.css]
[cdnjs.cloudflare.com/ajax/libs/font-awesome/6.4.0/css/all.min.css]
[www.jasidi.com/assets/index-eeb76bf3.js]
[www.jasidi.com/assets/index-8469259e.css]
[www.jasidi.com/assets/logo-jasidi-a3e3e1e5.png]
[www.jasidi.com/assets/icon-close-545855ff.svg]
[www.jasidi.com/assets/web-page-desktop-7a35d15e.svg]
[www.jasidi.com/assets/web-app-desktop-d7eb1a63.svg]
[www.jasidi.com/assets/icon-medal-3b2ad3ae.svg]
[www.jasidi.com/assets/icon-group-c609d852.svg]
[www.jasidi.com/assets/batata-page-d2dfffd5.png]
[www.jasidi.com/assets/gaming-zone-page-68dec61e.png]
[www.jasidi.com/assets/icon-instagram-d4aca8b3.svg]
[www.jasidi.com/index.html]
[cdn.jsdelivr.net/gh/jgthms/minireset.css@master/minireset.min.css]
[cdnjs.cloudflare.com/ajax/libs/font-awesome/6.4.0/css/all.min.css]
[www.jasidi.com/assets/photo-main-mobile-784d596f.png]
[www.jasidi.com/assets/photo-main-desktop-30aaf927.jpg]
[www.jasidi.com/assets/trama-jasi-a9e2dd92.png]
[www.jasidi.com/assets/photo-contact-form-2ef314cb.jpeg]
[www.jasidi.com/assets/index-8469259e.css]
[www.jasidi.com/assets/icon-close-545855ff.svg]
[www.jasidi.com/assets/icon-hamburger-9a9015b5.svg]
[www.jasidi.com/assets/icon-button-arrow-f4b6f741.svg]
[www.jasidi.com/assets/web-page-desktop-7a35d15e.svg]
[www.jasidi.com/assets/web-app-desktop-d7eb1a63.svg]
[www.jasidi.com/assets/icon-check-662f4ea8.svg]
[www.jasidi.com/assets/icon-medal-3b2ad3ae.svg]
[www.jasidi.com/assets/icon-group-c609d852.svg]
[www.jasidi.com/assets/icon-instagram-d4aca8b3.svg]
[www.jasidi.com/assets/icon-facebook-1c3a05f5.svg]
[www.jasidi.com/assets/icon-linkedin-70a540e0.svg]
